
> saas-starter@0.3.1 build
> next build

  ▲ Next.js 14.2.5
  - Environments: .env

   Creating an optimized production build ...
Generated 7 documents in .contentlayer
 ✓ Compiled successfully
   Skipping validation of types
   Skipping linting
   Collecting page data ...
 ⚠ Using edge runtime on a page currently disables static generation for that page
   Generating static pages (0/39) ...
Stats Error: n [Error]: Dynamic server usage: Route /api/admin/stats couldn't be rendered statically because it used `headers`. See more info here: https://nextjs.org/docs/messages/dynamic-server-error
    at l (/root/zhejiang-ai-alliance/frontend/.next/server/chunks/8948.js:1:56358)
    at d (/root/zhejiang-ai-alliance/frontend/.next/server/chunks/831.js:382:3477)
    at /root/zhejiang-ai-alliance/frontend/.next/server/chunks/831.js:377:55470
    at E (/root/zhejiang-ai-alliance/frontend/.next/server/app/api/admin/stats/route.js:1:1026)
    at /root/zhejiang-ai-alliance/frontend/node_modules/next/dist/compiled/next-server/app-route.runtime.prod.js:6:36264
    at /root/zhejiang-ai-alliance/frontend/node_modules/next/dist/server/lib/trace/tracer.js:140:36
    at NoopContextManager.with (/root/zhejiang-ai-alliance/frontend/node_modules/@opentelemetry/api/build/src/context/NoopContextManager.js:25:19)
    at ContextAPI.with (/root/zhejiang-ai-alliance/frontend/node_modules/@opentelemetry/api/build/src/api/context.js:60:46)
    at NoopTracer.startActiveSpan (/root/zhejiang-ai-alliance/frontend/node_modules/@opentelemetry/api/build/src/trace/NoopTracer.js:65:31)
    at ProxyTracer.startActiveSpan (/root/zhejiang-ai-alliance/frontend/node_modules/@opentelemetry/api/build/src/trace/ProxyTracer.js:36:24) {
  description: "Route /api/admin/stats couldn't be rendered statically because it used `headers`. See more info here: https://nextjs.org/docs/messages/dynamic-server-error",
  digest: 'DYNAMIC_SERVER_USAGE'
}
   Generating static pages (9/39) 
{
  message: `You don't have permission to access field "role" in collection "companies" or it does not exist. Queried in root.`,
  errors: [
    {
      message: `You don't have permission to access field "role" in collection "companies" or it does not exist. Queried in root.`,
      extensions: [Object]
    }
  ],
  response: Response {
    status: 403,
    statusText: 'Forbidden',
    headers: Headers {
      'content-security-policy': "script-src 'self' 'unsafe-eval';worker-src 'self' blob:;child-src 'self' blob:;img-src 'self' data: blob: https://raw.githubusercontent.com https://avatars.githubusercontent.com;media-src 'self';connect-src 'self' https://* wss://*;default-src 'self';base-uri 'self';font-src 'self' https: data:;form-action 'self';frame-ancestors 'self';object-src 'none';script-src-attr 'none';style-src 'self' https: 'unsafe-inline'",
      'x-powered-by': 'Directus',
      'access-control-allow-origin': 'http://localhost:3000',
      vary: 'Origin',
      'access-control-allow-credentials': 'true',
      'access-control-expose-headers': 'Content-Range',
      'content-type': 'application/json; charset=utf-8',
      'content-length': '307',
      etag: 'W/"133-OTa8NALTIzZb6H46n9rkCLNVxpk"',
      date: 'Thu, 19 Mar 2026 07:36:37 GMT',
      connection: 'keep-alive',
      'keep-alive': 'timeout=5'
    },
    body: ReadableStream { locked: true, state: 'closed', supportsBYOB: true },
    bodyUsed: true,
    ok: false,
    redirected: false,
    type: 'basic',
    url: 'http://localhost:8055/items/companies?fields=role%2Ctracks%2Cregion%2Ccompany_type&limit=-1'
  },
  digest: '852761497'
}
{
  message: `You don't have permission to access field "role" in collection "companies" or it does not exist. Queried in root.`,
  errors: [
    {
      message: `You don't have permission to access field "role" in collection "companies" or it does not exist. Queried in root.`,
      extensions: [Object]
    }
  ],
  response: Response {
    status: 403,
    statusText: 'Forbidden',
    headers: Headers {
      'content-security-policy': "script-src 'self' 'unsafe-eval';worker-src 'self' blob:;child-src 'self' blob:;img-src 'self' data: blob: https://raw.githubusercontent.com https://avatars.githubusercontent.com;media-src 'self';connect-src 'self' https://* wss://*;default-src 'self';base-uri 'self';font-src 'self' https: data:;form-action 'self';frame-ancestors 'self';object-src 'none';script-src-attr 'none';style-src 'self' https: 'unsafe-inline'",
      'x-powered-by': 'Directus',
      'access-control-allow-origin': 'http://localhost:3000',
      vary: 'Origin',
      'access-control-allow-credentials': 'true',
      'access-control-expose-headers': 'Content-Range',
      'content-type': 'application/json; charset=utf-8',
      'content-length': '307',
      etag: 'W/"133-OTa8NALTIzZb6H46n9rkCLNVxpk"',
      date: 'Thu, 19 Mar 2026 07:36:37 GMT',
      connection: 'keep-alive',
      'keep-alive': 'timeout=5'
    },
    body: ReadableStream { locked: true, state: 'closed', supportsBYOB: true },
    bodyUsed: true,
    ok: false,
    redirected: false,
    type: 'basic',
    url: 'http://localhost:8055/items/companies?fields=role%2Ctracks%2Cregion%2Ccompany_type&limit=-1'
  },
  digest: '852761497'
}
   Generating static pages (19/39) 
{
  message: `You don't have permission to access fields "summary", "slug", "cover" in collection "articles" or they do not exist. Queried in root.`,
  errors: [
    {
      message: `You don't have permission to access fields "summary", "slug", "cover" in collection "articles" or they do not exist. Queried in root.`,
      extensions: [Object]
    }
  ],
  response: Response {
    status: 403,
    statusText: 'Forbidden',
    headers: Headers {
      'content-security-policy': "script-src 'self' 'unsafe-eval';worker-src 'self' blob:;child-src 'self' blob:;img-src 'self' data: blob: https://raw.githubusercontent.com https://avatars.githubusercontent.com;media-src 'self';connect-src 'self' https://* wss://*;default-src 'self';base-uri 'self';font-src 'self' https: data:;form-action 'self';frame-ancestors 'self';object-src 'none';script-src-attr 'none';style-src 'self' https: 'unsafe-inline'",
      'x-powered-by': 'Directus',
      'access-control-allow-origin': 'http://localhost:3000',
      vary: 'Origin',
      'access-control-allow-credentials': 'true',
      'access-control-expose-headers': 'Content-Range',
      'content-type': 'application/json; charset=utf-8',
      'content-length': '355',
      etag: 'W/"163-yGq+hwBC2/AoKPeAzLQvnl8W7sc"',
      date: 'Thu, 19 Mar 2026 07:36:37 GMT',
      connection: 'keep-alive',
      'keep-alive': 'timeout=5'
    },
    body: ReadableStream { locked: true, state: 'closed', supportsBYOB: true },
    bodyUsed: true,
    ok: false,
    redirected: false,
    type: 'basic',
    url: 'http://localhost:8055/items/articles?fields=id%2Ctitle%2Csummary%2Cslug%2Cpublish_date%2Ccover%2Ccategory&sort=-publish_date'
  },
  digest: '2731077583'
}
{
  message: `You don't have permission to access fields "summary", "slug", "cover" in collection "articles" or they do not exist. Queried in root.`,
  errors: [
    {
      message: `You don't have permission to access fields "summary", "slug", "cover" in collection "articles" or they do not exist. Queried in root.`,
      extensions: [Object]
    }
  ],
  response: Response {
    status: 403,
    statusText: 'Forbidden',
    headers: Headers {
      'content-security-policy': "script-src 'self' 'unsafe-eval';worker-src 'self' blob:;child-src 'self' blob:;img-src 'self' data: blob: https://raw.githubusercontent.com https://avatars.githubusercontent.com;media-src 'self';connect-src 'self' https://* wss://*;default-src 'self';base-uri 'self';font-src 'self' https: data:;form-action 'self';frame-ancestors 'self';object-src 'none';script-src-attr 'none';style-src 'self' https: 'unsafe-inline'",
      'x-powered-by': 'Directus',
      'access-control-allow-origin': 'http://localhost:3000',
      vary: 'Origin',
      'access-control-allow-credentials': 'true',
      'access-control-expose-headers': 'Content-Range',
      'content-type': 'application/json; charset=utf-8',
      'content-length': '355',
      etag: 'W/"163-yGq+hwBC2/AoKPeAzLQvnl8W7sc"',
      date: 'Thu, 19 Mar 2026 07:36:37 GMT',
      connection: 'keep-alive',
      'keep-alive': 'timeout=5'
    },
    body: ReadableStream { locked: true, state: 'closed', supportsBYOB: true },
    bodyUsed: true,
    ok: false,
    redirected: false,
    type: 'basic',
    url: 'http://localhost:8055/items/articles?fields=id%2Ctitle%2Csummary%2Cslug%2Cpublish_date%2Ccover%2Ccategory&sort=-publish_date'
  },
  digest: '2731077583'
}
{
  message: `You don't have permission to access fields "summary", "slug", "cover" in collection "articles" or they do not exist. Queried in root.`,
  errors: [
    {
      message: `You don't have permission to access fields "summary", "slug", "cover" in collection "articles" or they do not exist. Queried in root.`,
      extensions: [Object]
    }
  ],
  response: Response {
    status: 403,
    statusText: 'Forbidden',
    headers: Headers {
      'content-security-policy': "script-src 'self' 'unsafe-eval';worker-src 'self' blob:;child-src 'self' blob:;img-src 'self' data: blob: https://raw.githubusercontent.com https://avatars.githubusercontent.com;media-src 'self';connect-src 'self' https://* wss://*;default-src 'self';base-uri 'self';font-src 'self' https: data:;form-action 'self';frame-ancestors 'self';object-src 'none';script-src-attr 'none';style-src 'self' https: 'unsafe-inline'",
      'x-powered-by': 'Directus',
      'access-control-allow-origin': 'http://localhost:3000',
      vary: 'Origin',
      'access-control-allow-credentials': 'true',
      'access-control-expose-headers': 'Content-Range',
      'content-type': 'application/json; charset=utf-8',
      'content-length': '355',
      etag: 'W/"163-yGq+hwBC2/AoKPeAzLQvnl8W7sc"',
      date: 'Thu, 19 Mar 2026 07:36:37 GMT',
      connection: 'keep-alive',
      'keep-alive': 'timeout=5'
    },
    body: ReadableStream { locked: true, state: 'closed', supportsBYOB: true },
    bodyUsed: true,
    ok: false,
    redirected: false,
    type: 'basic',
    url: 'http://localhost:8055/items/articles?fields=id%2Ctitle%2Csummary%2Cslug%2Cpublish_date%2Ccover%2Ccategory&sort=-publish_date'
  },
  digest: '2731077583'
}

Error occurred prerendering page "/blog". Read more: https://nextjs.org/docs/messages/prerender-error

{
  message: `You don't have permission to access fields "summary", "slug", "cover" in collection "articles" or they do not exist. Queried in root.`,
  errors: [
    {
      message: `You don't have permission to access fields "summary", "slug", "cover" in collection "articles" or they do not exist. Queried in root.`,
      extensions: [Object]
    }
  ],
  response: Response {
    status: 403,
    statusText: 'Forbidden',
    headers: Headers {
      'content-security-policy': "script-src 'self' 'unsafe-eval';worker-src 'self' blob:;child-src 'self' blob:;img-src 'self' data: blob: https://raw.githubusercontent.com https://avatars.githubusercontent.com;media-src 'self';connect-src 'self' https://* wss://*;default-src 'self';base-uri 'self';font-src 'self' https: data:;form-action 'self';frame-ancestors 'self';object-src 'none';script-src-attr 'none';style-src 'self' https: 'unsafe-inline'",
      'x-powered-by': 'Directus',
      'access-control-allow-origin': 'http://localhost:3000',
      vary: 'Origin',
      'access-control-allow-credentials': 'true',
      'access-control-expose-headers': 'Content-Range',
      'content-type': 'application/json; charset=utf-8',
      'content-length': '355',
      etag: 'W/"163-yGq+hwBC2/AoKPeAzLQvnl8W7sc"',
      date: 'Thu, 19 Mar 2026 07:36:37 GMT',
      connection: 'keep-alive',
      'keep-alive': 'timeout=5'
    },
    body: ReadableStream { locked: true, state: 'closed', supportsBYOB: true },
    bodyUsed: true,
    ok: false,
    redirected: false,
    type: 'basic',
    url: 'http://localhost:8055/items/articles?fields=id%2Ctitle%2Csummary%2Cslug%2Cpublish_date%2Ccover%2Ccategory&sort=-publish_date'
  },
  digest: '2731077583'
}
   Generating static pages (29/39) 
Failed to fetch published companies: {
  message: `You don't have permission to access field "status" in collection "companies" or it does not exist. Queried in root.`,
  errors: [
    {
      message: `You don't have permission to access field "status" in collection "companies" or it does not exist. Queried in root.`,
      extensions: [Object]
    }
  ],
  response: Response {
    status: 403,
    statusText: 'Forbidden',
    headers: Headers {
      'content-security-policy': "script-src 'self' 'unsafe-eval';worker-src 'self' blob:;child-src 'self' blob:;img-src 'self' data: blob: https://raw.githubusercontent.com https://avatars.githubusercontent.com;media-src 'self';connect-src 'self' https://* wss://*;default-src 'self';base-uri 'self';font-src 'self' https: data:;form-action 'self';frame-ancestors 'self';object-src 'none';script-src-attr 'none';style-src 'self' https: 'unsafe-inline'",
      'x-powered-by': 'Directus',
      'access-control-allow-origin': 'http://localhost:3000',
      vary: 'Origin',
      'access-control-allow-credentials': 'true',
      'access-control-expose-headers': 'Content-Range',
      'content-type': 'application/json; charset=utf-8',
      'content-length': '311',
      etag: 'W/"137-vYtfQW5zT9fWnJQ8mob/h8Z5raM"',
      date: 'Thu, 19 Mar 2026 07:36:37 GMT',
      connection: 'keep-alive',
      'keep-alive': 'timeout=5'
    },
    body: ReadableStream { locked: true, state: 'closed', supportsBYOB: true },
    bodyUsed: true,
    ok: false,
    redirected: false,
    type: 'basic',
    url: 'http://localhost:8055/items/companies?fields=id%2Ccompany_name%2Clogo%2Cdescription%2Cregion%2Ccompany_type%2Ctracks%2Crole%2Cwebsite&filter=%7B%22status%22%3A%7B%22_eq%22%3A%22published%22%7D%7D'
  }
}
Failed to fetch published companies: {
  message: `You don't have permission to access field "status" in collection "companies" or it does not exist. Queried in root.`,
  errors: [
    {
      message: `You don't have permission to access field "status" in collection "companies" or it does not exist. Queried in root.`,
      extensions: [Object]
    }
  ],
  response: Response {
    status: 403,
    statusText: 'Forbidden',
    headers: Headers {
      'content-security-policy': "script-src 'self' 'unsafe-eval';worker-src 'self' blob:;child-src 'self' blob:;img-src 'self' data: blob: https://raw.githubusercontent.com https://avatars.githubusercontent.com;media-src 'self';connect-src 'self' https://* wss://*;default-src 'self';base-uri 'self';font-src 'self' https: data:;form-action 'self';frame-ancestors 'self';object-src 'none';script-src-attr 'none';style-src 'self' https: 'unsafe-inline'",
      'x-powered-by': 'Directus',
      'access-control-allow-origin': 'http://localhost:3000',
      vary: 'Origin',
      'access-control-allow-credentials': 'true',
      'access-control-expose-headers': 'Content-Range',
      'content-type': 'application/json; charset=utf-8',
      'content-length': '311',
      etag: 'W/"137-vYtfQW5zT9fWnJQ8mob/h8Z5raM"',
      date: 'Thu, 19 Mar 2026 07:36:37 GMT',
      connection: 'keep-alive',
      'keep-alive': 'timeout=5'
    },
    body: ReadableStream { locked: true, state: 'closed', supportsBYOB: true },
    bodyUsed: true,
    ok: false,
    redirected: false,
    type: 'basic',
    url: 'http://localhost:8055/items/companies?fields=id%2Ccompany_name%2Clogo%2Cdescription%2Cregion%2Ccompany_type%2Ctracks%2Crole%2Cwebsite&filter=%7B%22status%22%3A%7B%22_eq%22%3A%22published%22%7D%7D'
  }
}
Failed to fetch cases for showcase: {
  message: `You don't have permission to access collection "case_studies" or it does not exist. Queried in root.`,
  errors: [
    {
      message: `You don't have permission to access collection "case_studies" or it does not exist. Queried in root.`,
      extensions: [Object]
    }
  ],
  response: Response {
    status: 403,
    statusText: 'Forbidden',
    headers: Headers {
      'content-security-policy': "script-src 'self' 'unsafe-eval';worker-src 'self' blob:;child-src 'self' blob:;img-src 'self' data: blob: https://raw.githubusercontent.com https://avatars.githubusercontent.com;media-src 'self';connect-src 'self' https://* wss://*;default-src 'self';base-uri 'self';font-src 'self' https: data:;form-action 'self';frame-ancestors 'self';object-src 'none';script-src-attr 'none';style-src 'self' https: 'unsafe-inline'",
      'x-powered-by': 'Directus',
      'access-control-allow-origin': 'http://localhost:3000',
      vary: 'Origin',
      'access-control-allow-credentials': 'true',
      'access-control-expose-headers': 'Content-Range',
      'content-type': 'application/json; charset=utf-8',
      'content-length': '277',
      etag: 'W/"115-s1ogidAmzoEnX/jxYYXlbu/SSg8"',
      date: 'Thu, 19 Mar 2026 07:36:37 GMT',
      connection: 'keep-alive',
      'keep-alive': 'timeout=5'
    },
    body: ReadableStream { locked: true, state: 'closed', supportsBYOB: true },
    bodyUsed: true,
    ok: false,
    redirected: false,
    type: 'basic',
    url: 'http://localhost:8055/items/case_studies?fields=*%2Ccompany_id.company_name%2Ccompany_id.logo&filter=%7B%22company_id%22%3A%7B%22status%22%3A%7B%22_eq%22%3A%22published%22%7D%7D%7D&limit=12'
  }
}
Failed to fetch cases for showcase: {
  message: `You don't have permission to access collection "case_studies" or it does not exist. Queried in root.`,
  errors: [
    {
      message: `You don't have permission to access collection "case_studies" or it does not exist. Queried in root.`,
      extensions: [Object]
    }
  ],
  response: Response {
    status: 403,
    statusText: 'Forbidden',
    headers: Headers {
      'content-security-policy': "script-src 'self' 'unsafe-eval';worker-src 'self' blob:;child-src 'self' blob:;img-src 'self' data: blob: https://raw.githubusercontent.com https://avatars.githubusercontent.com;media-src 'self';connect-src 'self' https://* wss://*;default-src 'self';base-uri 'self';font-src 'self' https: data:;form-action 'self';frame-ancestors 'self';object-src 'none';script-src-attr 'none';style-src 'self' https: 'unsafe-inline'",
      'x-powered-by': 'Directus',
      'access-control-allow-origin': 'http://localhost:3000',
      vary: 'Origin',
      'access-control-allow-credentials': 'true',
      'access-control-expose-headers': 'Content-Range',
      'content-type': 'application/json; charset=utf-8',
      'content-length': '277',
      etag: 'W/"115-s1ogidAmzoEnX/jxYYXlbu/SSg8"',
      date: 'Thu, 19 Mar 2026 07:36:37 GMT',
      connection: 'keep-alive',
      'keep-alive': 'timeout=5'
    },
    body: ReadableStream { locked: true, state: 'closed', supportsBYOB: true },
    bodyUsed: true,
    ok: false,
    redirected: false,
    type: 'basic',
    url: 'http://localhost:8055/items/case_studies?fields=*%2Ccompany_id.company_name%2Ccompany_id.logo&filter=%7B%22company_id%22%3A%7B%22status%22%3A%7B%22_eq%22%3A%22published%22%7D%7D%7D&limit=12'
  }
}
 ✓ Generating static pages (39/39)

> Export encountered errors on following paths:
	/(marketing)/blog/page: /blog
